// Jest Snapshot v1, https://goo.gl/fbAQLP

exports[`SelectedArea component Selected Area div is rendered 1`] = `
<div>
  <div
    class="selectedArea-OuterContainer"
  >
    <div
      class="selectedArea-InnerContainer"
      style="position: absolute;"
    />
  </div>
</div>
`;
